../Core/Src/main.c:82:5:main	8	static
../Core/Src/main.c:144:6:SystemClock_Config	88	static
../Core/Src/main.c:191:13:MX_ADC1_Init	24	static
../Core/Src/main.c:243:13:MX_I2C1_Init	8	static
../Core/Src/main.c:277:13:MX_TIM1_Init	96	static
../Core/Src/main.c:352:13:MX_TIM2_Init	32	static
../Core/Src/main.c:397:13:MX_USART2_UART_Init	8	static
../Core/Src/main.c:428:13:MX_DMA_Init	16	static
../Core/Src/main.c:446:13:MX_GPIO_Init	48	static
../Core/Src/main.c:479:6:HAL_ADC_ConvCpltCallback	16	static
../Core/Src/main.c:493:6:HAL_ADC_ConvHalfCpltCallback	16	static
../Core/Src/main.c:499:6:HAL_I2C_TxHalfCpltCallback	16	static
../Core/Src/main.c:510:6:HAL_I2C_MasterTxCpltCallback	16	static
../Core/Src/main.c:520:6:Error_Handler	4	static,ignoring_inline_asm
